com/skt/m/AudioClip close ()V
com/skt/m/AudioClip loop ()V
com/skt/m/AudioClip open ([BII)V
com/skt/m/AudioClip play ()V
com/skt/m/AudioClip stop ()V
com/skt/m/AudioSystem getAudioClip (Ljava/lang/String;)Lcom/skt/m/AudioClip;
com/skt/m/AudioSystem getMaxVolume (Ljava/lang/String;)I
com/skt/m/AudioSystem getVolume (Ljava/lang/String;)I
com/skt/m/AudioSystem setVolume (Ljava/lang/String;I)V
com/skt/m/BackLight on (I)V
com/skt/m/Device enableRestoreLCD (Z)V
com/skt/m/Device invokeWapBrowser (Ljava/lang/String;)V
com/skt/m/Device isBacklightEnabled ()Z
com/skt/m/Device isKeyToneEnabled ()Z
com/skt/m/Device setBacklightEnabled (Z)V
com/skt/m/Device setColorMode (I)V
com/skt/m/Device setKeyToneEnabled (Z)V
com/skt/m/Graphics2D captureLCD (IIII)Ljavax/microedition/lcdui/Image;
com/skt/m/Graphics2D createMaskableImage (II)Ljavax/microedition/lcdui/Image;
com/skt/m/Graphics2D drawImage (IILjavax/microedition/lcdui/Image;IIIII)V
com/skt/m/Graphics2D getGraphics2D (Ljavax/microedition/lcdui/Graphics;)Lcom/skt/m/Graphics2D;
com/skt/m/Graphics2D setPixel (III)V
com/skt/m/ProgressBar <init> (Ljava/lang/String;)V
com/skt/m/ProgressBar getValue ()I
com/skt/m/ProgressBar setMaxValue (I)V
com/skt/m/ProgressBar setValue (I)V
com/skt/m/Vibration getLevelNum ()I
com/skt/m/Vibration isSupported ()Z
com/skt/m/Vibration start (II)V
com/skt/m/Vibration stop ()V
com/sun/midp/lcdui/InputMethodHandler getInputMethodHandler ()Lcom/sun/midp/lcdui/InputMethodHandler;
com/sun/midp/lcdui/InputMethodHandler getInputMode ()I
com/sun/midp/lcdui/InputMethodHandler switchInputMode (I)V
com/xce/io/ByteToCharConverter convert ([BII[CII)I
com/xce/io/ByteToCharConverter flush ([CII)I
com/xce/io/ByteToCharEUC_KR <init> ()V
com/xce/io/FileInputStream <init> (Lcom/xce/io/XFile;)V
com/xce/io/FileInputStream <init> (Ljava/lang/String;)V
com/xce/io/FileOutputStream <init> (Lcom/xce/io/XFile;)V
com/xce/io/FileOutputStream <init> (Ljava/lang/String;)V
com/xce/io/XFile <init> (Ljava/lang/String;I)V
com/xce/io/XFile available ()I
com/xce/io/XFile close ()V
com/xce/io/XFile exists (Ljava/lang/String;)Z
com/xce/io/XFile filesize (Ljava/lang/String;)I
com/xce/io/XFile flush ()V
com/xce/io/XFile fsavail ()I
com/xce/io/XFile read ([BII)I
com/xce/io/XFile seek (II)I
com/xce/io/XFile unlink (Ljava/lang/String;)I
com/xce/io/XFile write ([BII)I
com/xce/jam/XBrowser setNetworkMode (I)V
com/xce/lcdui/TextComponentHandler clear ()V
com/xce/lcdui/TextComponentHandler getInputMode ()I
com/xce/lcdui/TextComponentHandler getTextComponentHandler ()Lcom/xce/lcdui/TextComponentHandler;
com/xce/lcdui/TextComponentHandler keyPressed (I)Z
com/xce/lcdui/TextComponentHandler keyReleased (I)Z
com/xce/lcdui/TextComponentHandler keyRepeated (I)Z
com/xce/lcdui/TextComponentHandler setTextComponent (Lcom/xce/lcdui/TextComponent;)V
com/xce/lcdui/XDisplay copyLCD (Ljavax/microedition/lcdui/Graphics;Ljavax/microedition/lcdui/Image;IIII)V
com/xce/lcdui/XDisplay drawImageEx (Ljavax/microedition/lcdui/Graphics;Ljavax/microedition/lcdui/Image;IILjavax/microedition/lcdui/Image;IIIII)V
com/xce/lcdui/XDisplay refresh (IIII)V
com/xce/lcdui/XEventHandler restoreDisplay ()V
com/xce/lcdui/XTextField <init> (Ljava/lang/String;IILjavax/microedition/lcdui/Canvas;)V
com/xce/lcdui/XTextField getText ()Ljava/lang/String;
com/xce/lcdui/XTextField hasFocus ()Z
com/xce/lcdui/XTextField keyPressed (I)V
com/xce/lcdui/XTextField keyReleased (I)V
com/xce/lcdui/XTextField keyRepeated (I)V
com/xce/lcdui/XTextField paint (Ljavax/microedition/lcdui/Graphics;)V
com/xce/lcdui/XTextField setBounds (IIII)V
com/xce/lcdui/XTextField setFocus (Z)V
com/xce/lcdui/XTextField setText (Ljava/lang/String;)V
com/xce/net/Socket setPPPPreserveTime (I)V
java/io/ByteArrayInputStream <init> ([B)V
java/io/ByteArrayOutputStream <init> ()V
java/io/ByteArrayOutputStream reset ()V
java/io/ByteArrayOutputStream size ()I
java/io/ByteArrayOutputStream toByteArray ()[B
java/io/DataInputStream <init> (Ljava/io/InputStream;)V
java/io/DataInputStream available ()I
java/io/DataInputStream close ()V
java/io/DataInputStream read ()I
java/io/DataInputStream read ([B)I
java/io/DataInputStream read ([BII)I
java/io/DataInputStream readBoolean ()Z
java/io/DataInputStream readByte ()B
java/io/DataInputStream readFully ([B)V
java/io/DataInputStream readFully ([BII)V
java/io/DataInputStream readInt ()I
java/io/DataInputStream readLong ()J
java/io/DataInputStream readShort ()S
java/io/DataInputStream readUTF ()Ljava/lang/String;
java/io/DataInputStream skip (J)J
java/io/DataInputStream skipBytes (I)I
java/io/DataOutputStream <init> (Ljava/io/OutputStream;)V
java/io/DataOutputStream close ()V
java/io/DataOutputStream flush ()V
java/io/DataOutputStream write (I)V
java/io/DataOutputStream write ([B)V
java/io/DataOutputStream write ([BII)V
java/io/DataOutputStream writeBoolean (Z)V
java/io/DataOutputStream writeByte (I)V
java/io/DataOutputStream writeInt (I)V
java/io/DataOutputStream writeLong (J)V
java/io/DataOutputStream writeShort (I)V
java/io/DataOutputStream writeUTF (Ljava/lang/String;)V
java/io/IOException <init> ()V
java/io/IOException <init> (Ljava/lang/String;)V
java/io/InputStream available ()I
java/io/InputStream close ()V
java/io/InputStream read ()I
java/io/InputStream read ([B)I
java/io/InputStream read ([BII)I
java/io/InputStreamReader <init> (Ljava/io/InputStream;)V
java/io/InputStreamReader read ([CII)I
java/io/OutputStream <init> ()V
java/io/OutputStream close ()V
java/io/OutputStream flush ()V
java/io/OutputStream write (I)V
java/io/OutputStream write ([B)V
java/io/OutputStream write ([BII)V
java/io/PrintStream println (I)V
java/io/PrintStream println (Ljava/lang/Object;)V
java/io/PrintStream println (Ljava/lang/String;)V
java/lang/ArrayIndexOutOfBoundsException <init> ()V
java/lang/ArrayIndexOutOfBoundsException <init> (Ljava/lang/String;)V
java/lang/Byte parseByte (Ljava/lang/String;)B
java/lang/Byte toString (B)Ljava/lang/String;
java/lang/Class forName (Ljava/lang/String;)Ljava/lang/Class;
java/lang/Class getResourceAsStream (Ljava/lang/String;)Ljava/io/InputStream;
java/lang/Exception <init> ()V
java/lang/Exception <init> (Ljava/lang/String;)V
java/lang/IllegalArgumentException <init> ()V
java/lang/IllegalArgumentException <init> (Ljava/lang/String;)V
java/lang/Integer <init> (I)V
java/lang/Integer intValue ()I
java/lang/Integer parseInt (Ljava/lang/String;)I
java/lang/Integer parseInt (Ljava/lang/String;I)I
java/lang/Integer toHexString (I)Ljava/lang/String;
java/lang/Integer toString (I)Ljava/lang/String;
java/lang/Integer valueOf (Ljava/lang/String;)Ljava/lang/Integer;
java/lang/Long parseLong (Ljava/lang/String;)J
java/lang/Math abs (I)I
java/lang/Math abs (J)J
java/lang/Math max (II)I
java/lang/Math max (JJ)J
java/lang/Math min (II)I
java/lang/NullPointerException <init> ()V
java/lang/NullPointerException <init> (Ljava/lang/String;)V
java/lang/NumberFormatException <init> ()V
java/lang/NumberFormatException <init> (Ljava/lang/String;)V
java/lang/Object <init> ()V
java/lang/Object equals (Ljava/lang/Object;)Z
java/lang/Object getClass ()Ljava/lang/Class;
java/lang/Object notify ()V
java/lang/Object notifyAll ()V
java/lang/Object wait ()V
java/lang/Object wait (J)V
java/lang/Runtime freeMemory ()J
java/lang/Runtime gc ()V
java/lang/Runtime getRuntime ()Ljava/lang/Runtime;
java/lang/Runtime totalMemory ()J
java/lang/RuntimeException <init> ()V
java/lang/RuntimeException <init> (Ljava/lang/String;)V
java/lang/String <init> ()V
java/lang/String <init> (Ljava/lang/String;)V
java/lang/String <init> (Ljava/lang/StringBuffer;)V
java/lang/String <init> ([B)V
java/lang/String <init> ([BII)V
java/lang/String <init> ([BLjava/lang/String;)V
java/lang/String <init> ([C)V
java/lang/String <init> ([CII)V
java/lang/String charAt (I)C
java/lang/String compareTo (Ljava/lang/String;)I
java/lang/String concat (Ljava/lang/String;)Ljava/lang/String;
java/lang/String endsWith (Ljava/lang/String;)Z
java/lang/String equals (Ljava/lang/Object;)Z
java/lang/String getBytes ()[B
java/lang/String getBytes (Ljava/lang/String;)[B
java/lang/String getChars (II[CI)V
java/lang/String hashCode ()I
java/lang/String indexOf (I)I
java/lang/String indexOf (II)I
java/lang/String indexOf (Ljava/lang/String;)I
java/lang/String indexOf (Ljava/lang/String;I)I
java/lang/String length ()I
java/lang/String replace (CC)Ljava/lang/String;
java/lang/String startsWith (Ljava/lang/String;)Z
java/lang/String substring (I)Ljava/lang/String;
java/lang/String substring (II)Ljava/lang/String;
java/lang/String toCharArray ()[C
java/lang/String toLowerCase ()Ljava/lang/String;
java/lang/String toString ()Ljava/lang/String;
java/lang/String toUpperCase ()Ljava/lang/String;
java/lang/String trim ()Ljava/lang/String;
java/lang/String valueOf (C)Ljava/lang/String;
java/lang/String valueOf (I)Ljava/lang/String;
java/lang/String valueOf (Ljava/lang/Object;)Ljava/lang/String;
java/lang/String valueOf ([CII)Ljava/lang/String;
java/lang/StringBuffer <init> ()V
java/lang/StringBuffer <init> (I)V
java/lang/StringBuffer <init> (Ljava/lang/String;)V
java/lang/StringBuffer append (C)Ljava/lang/StringBuffer;
java/lang/StringBuffer append (I)Ljava/lang/StringBuffer;
java/lang/StringBuffer append (J)Ljava/lang/StringBuffer;
java/lang/StringBuffer append (Ljava/lang/Object;)Ljava/lang/StringBuffer;
java/lang/StringBuffer append (Ljava/lang/String;)Ljava/lang/StringBuffer;
java/lang/StringBuffer insert (ILjava/lang/String;)Ljava/lang/StringBuffer;
java/lang/StringBuffer length ()I
java/lang/StringBuffer setCharAt (IC)V
java/lang/StringBuffer setLength (I)V
java/lang/StringBuffer toString ()Ljava/lang/String;
java/lang/System arraycopy (Ljava/lang/Object;ILjava/lang/Object;II)V
java/lang/System currentTimeMillis ()J
java/lang/System exit (I)V
java/lang/System gc ()V
java/lang/System getProperty (Ljava/lang/String;)Ljava/lang/String;
java/lang/Thread <init> ()V
java/lang/Thread <init> (Ljava/lang/Runnable;)V
java/lang/Thread isAlive ()Z
java/lang/Thread setPriority (I)V
java/lang/Thread sleep (J)V
java/lang/Thread start ()V
java/lang/Thread yield ()V
java/lang/Throwable <init> ()V
java/lang/Throwable <init> (Ljava/lang/String;)V
java/lang/Throwable printStackTrace ()V
java/lang/Throwable toString ()Ljava/lang/String;
java/util/Calendar get (I)I
java/util/Calendar getInstance ()Ljava/util/Calendar;
java/util/Calendar getInstance (Ljava/util/TimeZone;)Ljava/util/Calendar;
java/util/Calendar setTime (Ljava/util/Date;)V
java/util/Calendar setTimeZone (Ljava/util/TimeZone;)V
java/util/Date <init> ()V
java/util/Date <init> (J)V
java/util/Date getTime ()J
java/util/Date setTime (J)V
java/util/Enumeration hasMoreElements ()Z
java/util/Enumeration nextElement ()Ljava/lang/Object;
java/util/Hashtable <init> ()V
java/util/Hashtable clear ()V
java/util/Hashtable get (Ljava/lang/Object;)Ljava/lang/Object;
java/util/Hashtable keys ()Ljava/util/Enumeration;
java/util/Hashtable put (Ljava/lang/Object;Ljava/lang/Object;)Ljava/lang/Object;
java/util/Hashtable remove (Ljava/lang/Object;)Ljava/lang/Object;
java/util/NoSuchElementException <init> ()V
java/util/NoSuchElementException <init> (Ljava/lang/String;)V
java/util/Random <init> ()V
java/util/Random <init> (J)V
java/util/Random nextInt ()I
java/util/Random setSeed (J)V
java/util/Stack <init> ()V
java/util/Stack pop ()Ljava/lang/Object;
java/util/Stack push (Ljava/lang/Object;)Ljava/lang/Object;
java/util/TimeZone getTimeZone (Ljava/lang/String;)Ljava/util/TimeZone;
java/util/Timer <init> ()V
java/util/Timer cancel ()V
java/util/Timer schedule (Ljava/util/TimerTask;JJ)V
java/util/Timer scheduleAtFixedRate (Ljava/util/TimerTask;JJ)V
java/util/TimerTask <init> ()V
java/util/TimerTask cancel ()Z
java/util/Vector <init> ()V
java/util/Vector <init> (II)V
java/util/Vector addElement (Ljava/lang/Object;)V
java/util/Vector contains (Ljava/lang/Object;)Z
java/util/Vector elementAt (I)Ljava/lang/Object;
java/util/Vector isEmpty ()Z
java/util/Vector removeAllElements ()V
java/util/Vector removeElement (Ljava/lang/Object;)Z
java/util/Vector removeElementAt (I)V
java/util/Vector setElementAt (Ljava/lang/Object;I)V
java/util/Vector size ()I
javax/microedition/io/Connector open (Ljava/lang/String;)Ljavax/microedition/io/Connection;
javax/microedition/io/Connector open (Ljava/lang/String;IZ)Ljavax/microedition/io/Connection;
javax/microedition/io/HttpConnection close ()V
javax/microedition/io/HttpConnection getLength ()J
javax/microedition/io/HttpConnection getType ()Ljava/lang/String;
javax/microedition/io/HttpConnection openInputStream ()Ljava/io/InputStream;
javax/microedition/io/HttpConnection openOutputStream ()Ljava/io/OutputStream;
javax/microedition/io/HttpConnection setRequestMethod (Ljava/lang/String;)V
javax/microedition/io/HttpConnection setRequestProperty (Ljava/lang/String;Ljava/lang/String;)V
javax/microedition/io/SocketConnection close ()V
javax/microedition/io/SocketConnection openDataInputStream ()Ljava/io/DataInputStream;
javax/microedition/io/SocketConnection openDataOutputStream ()Ljava/io/DataOutputStream;
javax/microedition/io/SocketConnection openInputStream ()Ljava/io/InputStream;
javax/microedition/io/SocketConnection openOutputStream ()Ljava/io/OutputStream;
javax/microedition/lcdui/Canvas <init> ()V
javax/microedition/lcdui/Canvas getGameAction (I)I
javax/microedition/lcdui/Canvas getHeight ()I
javax/microedition/lcdui/Canvas getWidth ()I
javax/microedition/lcdui/Canvas repaint ()V
javax/microedition/lcdui/Canvas repaint (IIII)V
javax/microedition/lcdui/Canvas serviceRepaints ()V
javax/microedition/lcdui/Display callSerially (Ljava/lang/Runnable;)V
javax/microedition/lcdui/Display getDisplay (Ljavax/microedition/midlet/MIDlet;)Ljavax/microedition/lcdui/Display;
javax/microedition/lcdui/Display setCurrent (Ljavax/microedition/lcdui/Displayable;)V
javax/microedition/lcdui/Displayable isShown ()Z
javax/microedition/lcdui/Displayable repaintIM ()V
javax/microedition/lcdui/Font charWidth (C)I
javax/microedition/lcdui/Font charsWidth ([CII)I
javax/microedition/lcdui/Font getDefaultFont ()Ljavax/microedition/lcdui/Font;
javax/microedition/lcdui/Font getFont (III)Ljavax/microedition/lcdui/Font;
javax/microedition/lcdui/Font getHeight ()I
javax/microedition/lcdui/Font stringWidth (Ljava/lang/String;)I
javax/microedition/lcdui/Font substringWidth (Ljava/lang/String;II)I
javax/microedition/lcdui/Graphics clipRect (IIII)V
javax/microedition/lcdui/Graphics drawChars ([CIIIII)V
javax/microedition/lcdui/Graphics drawImage (Ljavax/microedition/lcdui/Image;III)V
javax/microedition/lcdui/Graphics drawLine (IIII)V
javax/microedition/lcdui/Graphics drawRect (IIII)V
javax/microedition/lcdui/Graphics drawRoundRect (IIIIII)V
javax/microedition/lcdui/Graphics drawString (Ljava/lang/String;III)V
javax/microedition/lcdui/Graphics drawSubstring (Ljava/lang/String;IIIII)V
javax/microedition/lcdui/Graphics fillArc (IIIIII)V
javax/microedition/lcdui/Graphics fillRect (IIII)V
javax/microedition/lcdui/Graphics fillRoundRect (IIIIII)V
javax/microedition/lcdui/Graphics getClipHeight ()I
javax/microedition/lcdui/Graphics getClipWidth ()I
javax/microedition/lcdui/Graphics getClipX ()I
javax/microedition/lcdui/Graphics getClipY ()I
javax/microedition/lcdui/Graphics getColor ()I
javax/microedition/lcdui/Graphics getFont ()Ljavax/microedition/lcdui/Font;
javax/microedition/lcdui/Graphics getTranslateX ()I
javax/microedition/lcdui/Graphics getTranslateY ()I
javax/microedition/lcdui/Graphics reset ()V
javax/microedition/lcdui/Graphics setClip (IIII)V
javax/microedition/lcdui/Graphics setColor (I)V
javax/microedition/lcdui/Graphics setColor (III)V
javax/microedition/lcdui/Graphics setFont (Ljavax/microedition/lcdui/Font;)V
javax/microedition/lcdui/Graphics translate (II)V
javax/microedition/lcdui/Image createImage (II)Ljavax/microedition/lcdui/Image;
javax/microedition/lcdui/Image createImage (Ljava/lang/String;)Ljavax/microedition/lcdui/Image;
javax/microedition/lcdui/Image createImage ([BII)Ljavax/microedition/lcdui/Image;
javax/microedition/lcdui/Image getGraphics ()Ljavax/microedition/lcdui/Graphics;
javax/microedition/lcdui/Image getHeight ()I
javax/microedition/lcdui/Image getWidth ()I
javax/microedition/midlet/MIDlet <init> ()V
javax/microedition/midlet/MIDlet getAppProperty (Ljava/lang/String;)Ljava/lang/String;
javax/microedition/midlet/MIDlet notifyDestroyed ()V
javax/microedition/rms/RecordStore addRecord ([BII)I
javax/microedition/rms/RecordStore closeRecordStore ()V
javax/microedition/rms/RecordStore deleteRecordStore (Ljava/lang/String;)V
javax/microedition/rms/RecordStore getNextRecordID ()I
javax/microedition/rms/RecordStore getNumRecords ()I
javax/microedition/rms/RecordStore getRecord (I)[B
javax/microedition/rms/RecordStore getRecord (I[BI)I
javax/microedition/rms/RecordStore openRecordStore (Ljava/lang/String;Z)Ljavax/microedition/rms/RecordStore;
javax/microedition/rms/RecordStore setRecord (I[BII)V
org/kwis/msf/io/Network connect ()I
org/kwis/msf/io/Network disconnect ()V
org/kwis/msf/io/Socket close ()V
org/kwis/msf/io/Socket getInputStream ()Ljava/io/InputStream;
org/kwis/msf/io/Socket getOutputStream ()Ljava/io/OutputStream;
org/kwis/msf/io/Socket openInputStream ()Ljava/io/InputStream;
org/kwis/msf/io/Socket openOutputStream ()Ljava/io/OutputStream;
org/kwis/msf/io/URL find (Ljava/lang/String;)Lorg/kwis/msf/io/Socket;
org/kwis/msp/handset/BackLight alwaysOn ()V
org/kwis/msp/io/File <init> (Ljava/lang/String;I)V
org/kwis/msp/io/File close ()V
org/kwis/msp/io/File read ([B)I
org/kwis/msp/io/File read ([BII)I
org/kwis/msp/io/File sizeOf ()I
org/kwis/msp/io/File write ([B)I
org/kwis/msp/io/FileSystem isFile (Ljava/lang/String;)Z
org/kwis/msp/io/FileSystem remove (Ljava/lang/String;)V
org/kwis/msp/lcdui/Card <init> ()V
org/kwis/msp/lcdui/Card getHeight ()I
org/kwis/msp/lcdui/Card getWidth ()I
org/kwis/msp/lcdui/Card repaint (IIII)V
org/kwis/msp/lcdui/Display getDefaultDisplay ()Lorg/kwis/msp/lcdui/Display;
org/kwis/msp/lcdui/Display getGameAction (I)I
org/kwis/msp/lcdui/Display pushCard (Lorg/kwis/msp/lcdui/Card;)V
org/kwis/msp/lcdui/Font getDefaultFont ()Lorg/kwis/msp/lcdui/Font;
org/kwis/msp/lcdui/Font getFont (III)Lorg/kwis/msp/lcdui/Font;
org/kwis/msp/lcdui/Font stringWidth (Ljava/lang/String;)I
org/kwis/msp/lcdui/Graphics clipRect (IIII)V
org/kwis/msp/lcdui/Graphics drawArc (IIIIII)V
org/kwis/msp/lcdui/Graphics drawImage (Lorg/kwis/msp/lcdui/Image;III)V
org/kwis/msp/lcdui/Graphics drawLine (IIII)V
org/kwis/msp/lcdui/Graphics drawRect (IIII)V
org/kwis/msp/lcdui/Graphics drawString (Ljava/lang/String;III)V
org/kwis/msp/lcdui/Graphics fillArc (IIIIII)V
org/kwis/msp/lcdui/Graphics fillRect (IIII)V
org/kwis/msp/lcdui/Graphics getRGBPixels (IIII[III)V
org/kwis/msp/lcdui/Graphics setAlpha (I)V
org/kwis/msp/lcdui/Graphics setClip (IIII)V
org/kwis/msp/lcdui/Graphics setColor (I)V
org/kwis/msp/lcdui/Graphics setColor (III)V
org/kwis/msp/lcdui/Graphics setFont (Lorg/kwis/msp/lcdui/Font;)V
org/kwis/msp/lcdui/Graphics setRGBPixels (IIII[III)V
org/kwis/msp/lcdui/Image createImage (II)Lorg/kwis/msp/lcdui/Image;
org/kwis/msp/lcdui/Image createImage (Ljava/lang/String;)Lorg/kwis/msp/lcdui/Image;
org/kwis/msp/lcdui/Image createImage ([BII)Lorg/kwis/msp/lcdui/Image;
org/kwis/msp/lcdui/Image getGraphics ()Lorg/kwis/msp/lcdui/Graphics;
org/kwis/msp/lcdui/Image getHeight ()I
org/kwis/msp/lcdui/Image getWidth ()I
org/kwis/msp/lcdui/Jlet <init> ()V
org/kwis/msp/lcdui/Jlet notifyDestroyed ()V
org/kwis/msp/media/Vibrator on (II)V
